127.0.0.1 - - [06/Jun/2024:12:03:00 +0000] "GET / HTTP/1.1" 200 612 "-" "curl/7.58.0"
127.0.0.1 - - [06/Jun/2024:12:03:05 +0000] "GET / HTTP/1.1" 200 612 "-" "curl/7.58.0"
127.0.0.1 - - [06/Jun/2024:12:03:10 +0000] "GET / HTTP/1.1" 200 612 "-" "curl/7.58.0"
127.0.0.1 - - [06/Jun/2024:12:03:15 +0000] "GET / HTTP/1.1" 200 612 "-" "curl/7.58.0"
127.0.0.1 - - [06/Jun/2024:12:03:20 +0000] "GET / HTTP/1.1" 200 612 "-" "curl/7.58.0"
127.0.0.1 - - [06/Jun/2024:12:03:25 +0000] "GET / HTTP/1.1" 200 612 "-" "curl/7.58.0"
127.0.0.1 - - [06/Jun/2024:12:03:30 +0000] "GET / HTTP/1.1" 200 612 "-" "curl/7.58.0"
127.0.0.1 - - [06/Jun/2024:12:03:35 +0000] "GET / HTTP/1.1" 200 612 "-" "curl/7.58.0"
127.0.0.1 - - [06/Jun/2024:12:03:40 +0000] "GET / HTTP/1.1" 200 612 "-" "curl/7.58.0"
127.0.0.1 - - [06/Jun/2024:12:03:45 +0000] "GET / HTTP/1.1" 200 612 "-" "curl/7.58.0"
127.0.0.1 - - [06/Jun/2024:12:03:50 +0000] "GET / HTTP/1.1" 200 612 "-" "curl/7.58.0"
192.168.0.1 - - [06/Jun/2024:12:03:15 +0000] "GET / HTTP/1.1" 200 612 "-" "curl/7.58.0"
192.168.0.1 - - [06/Jun/2024:12:03:30 +0000] "GET / HTTP/1.1" 200 612 "-" "curl/7.58.0"
192.168.0.1 - - [06/Jun/2024:12:03:45 +0000] "GET / HTTP/1.1" 200 612 "-" "curl/7.58.0"
